../Core/Src/system.c:43:22:compute_ntc_temperature	56	static
../Core/Src/system.c:75:8:ComputeTopHeaterTemperature	32	static
../Core/Src/system.c:88:8:ComputeBottomHeaterTemperature	32	static
../Core/Src/system.c:101:8:ComputePowerSupplyTemperature	24	static
../Core/Src/system.c:111:6:BuzzerBeep	24	static
../Core/Src/system.c:120:6:PrintError	16	static
../Core/Src/system.c:165:6:MonitorSensors	80	static
../Core/Src/system.c:220:6:ControlHeater	16	static
../Core/Src/system.c:249:6:ControlError	8	static
../Core/Src/system.c:301:6:usb_scanf	16	static
../Core/Src/system.c:323:6:BalloonSystemInit	40	static
