../Core/Src/system.c:35:8:ComputeTemperature	56	static
../Core/Src/system.c:56:6:BuzzerBeep	24	static
../Core/Src/system.c:65:6:PrintError	16	static
../Core/Src/system.c:133:6:SystemConfig_Init	16	static
../Core/Src/system.c:170:6:SystemConfig_Load	16	static
../Core/Src/system.c:191:6:SystemConfig_SaveAll	8	static
../Core/Src/system.c:211:6:SystemConfig_Update	16	static
../Core/Src/system.c:236:6:SystemConfig_ForceReset	8	static
../Core/Src/system.c:242:6:ControlTempreture	80	static
../Core/Src/system.c:281:6:ControlHeater	16	static
../Core/Src/system.c:310:6:ControlError	8	static
../Core/Src/system.c:362:6:usb_scanf	16	static
../Core/Src/system.c:384:6:BalloonSystemInit	40	static
