Change Component Designator: Old Designator=C39 New Designator=C7
Change Component Designator: Old Designator=C40 New Designator=C8
Change Component Designator: Old Designator=C41 New Designator=C9
Change Component Designator: Old Designator=C42 New Designator=C10
Change Component Designator: Old Designator=D1 New Designator=D3
Change Component Designator: Old Designator=D2 New Designator=D4
Change Component Designator: Old Designator=D3 New Designator=D6
Change Component Designator: Old Designator=D4 New Designator=D7
Change Component Designator: Old Designator=D11 New Designator=D1
Change Component Designator: Old Designator=D12 New Designator=D2
Change Component Designator: Old Designator=D15 New Designator=D5
Change Component Designator: Old Designator=D18 New Designator=D8
Change Component Designator: Old Designator=Q1 New Designator=Q3
Change Component Designator: Old Designator=Q2 New Designator=Q1
Change Component Designator: Old Designator=Q3 New Designator=Q2
Change Component Designator: Old Designator=Q5 New Designator=Q6
Change Component Designator: Old Designator=Q6 New Designator=Q5
Change Component Designator: Old Designator=R1 New Designator=R3
Change Component Designator: Old Designator=R2 New Designator=R4
Change Component Designator: Old Designator=R3 New Designator=R6
Change Component Designator: Old Designator=R4 New Designator=R7
Change Component Designator: Old Designator=R5 New Designator=R18
Change Component Designator: Old Designator=R6 New Designator=R19
Change Component Designator: Old Designator=R7 New Designator=R21
Change Component Designator: Old Designator=R8 New Designator=R22
Change Component Designator: Old Designator=R20 New Designator=R1
Change Component Designator: Old Designator=R21 New Designator=R2
Change Component Designator: Old Designator=R24 New Designator=R5
Change Component Designator: Old Designator=R27 New Designator=R8
Change Component Designator: Old Designator=R28 New Designator=R16
Change Component Designator: Old Designator=R29 New Designator=R17
Change Component Designator: Old Designator=R32 New Designator=R20
Change Component Designator: Old Designator=U7 New Designator=U1
